YES
364
LULULLULLLULLLLLUULLLLUUULLLLLLLLLULUULLLLLULLLLLLLLLULLUULUUUUUUUUUULLUUULUULUUUUUUULUULLUUUUUULLLUUULUULUUUUUULULLUUUUUUUUUUUUUULUUUULUUUUUUULUULULUUULUUUUUUUULLULLULLLLUUUUUULLUUUULUUUULUUUULUUUUUUUUUUUUUULLUUUUUUULUUUUUUULUUUULLUUUUUUUUUUUULUULULLLUUUUUUUUUUUUUUUUULUUUULUULLULUUULUUUUUUULUUUUUUUUUUUUUUUUUUUUUUULUUUUUULLUUUUUULLLUUUUULULLUULUULLLLLULLLUUUUULU
