YES
1003
LLLLLLLLLLLLLLLLLLLLLLLLLDLLLLLDLLLLLLLLLLLLLLLLLLLLDLLLLLLLLLLLLDLLLDLLLLLLLLLLLLLLLLDLLLLLLLLLLLLLDLLLLLLLLLLLLLLLLLLDLLLLLLLLLLLLLLLLLLLLLLLLLDLLDLLLLLLLLDLLLLLLLLLLLLLLLLLLLLLDLLLLLLLLLLDLLLLLLLLLLLLLLLLLDDDLLLDLLLLLLLLLLLLLLDDDLLLLLDLLDDLLLLLLDLDLDLLLLLDDLLLLDLLLLDLLLDLLDDLDDLLLLLLDLLLLLDDLLLLLLLLDLLLLLDLLLLLLLLDLLLLLLLLLLLLLLLLDLLLLLLLDLLLLDLLLLLLDLLLLLLLLLLLLLLLLLLLLLDLLLLLLLLLLLLLDLLLLLLLLDLLLLLLLLDDLLLLLLLLLLLLLLLLLDLLLLLLLLLLLLLLLLDDLLLLLLLLDLLLLDLDDLLLLLLLLLDLLLLLLLLLLLLLDLLLLLDDDLLLLLLLLLLLLDDLDLDLLLLDLLLLLLLLLLLLLLLLLDLDLLLLLLLLLLDLLLLLLLLLDLDLLDDDDDDDDLLDDDDDDLDDDDLLDDDDDDDDDDDLDDDLDDDDDDDDDDDDDDDDLDDLDDDDDDDLDDDDDDLDDDDDDDDDLDDDDDDLLDDDDDDDDLLDDDDDDDDDLDDLDDLDDLDDDDDDDDDDDDLDDDDDDDDDDLLDDDDDLDDDDDDDDDDLDDDDDDDDLLDLDDDDDDDDDLDDDDDDDDDDDDDDDDDLDDDDDDDDDDDDDDDDDDDDLDLDDDDDDDDDDDDDDDDDDDDDDDDDDDDDDLDLDDDDDDDDDDDDDDDDDLDDDDDDDDLDDDDDDDDDDLDDDDDDDDLDDDDLDDDDDDDDDDDDDDDDDDDDDDDDDDDDDLDDDDDDDDDDDDDDDDDDDDDDLDDDDDDDDDDDDDDDDDDDDDDDDDDDDDDDLDDLDDDDDDDDDLLDDDDDDDDDDDDDDDDDDDDDDDDDDDDD
